2026-09-30T16:39:59.8705792Z Current runner version: '2.337.0'
2026-09-30T16:39:59.8732620Z ##[group]Runner Image Provisioner
2026-09-30T16:39:59.8734322Z Hosted Compute Agent
2026-09-30T16:39:59.8734941Z Version: 20260828.587
2026-09-30T16:39:59.8735668Z Commit: abac92662cab4cc7352de4f9f9d2e2419aad9c29
2026-09-30T16:39:59.8736432Z Build Date: 2026-08-28T16:44:25Z
2026-09-30T16:39:59.8737121Z Worker ID: {d044a6b7-8d72-40d8-a5d8-698e9a9412be}
2026-09-30T16:39:59.8737928Z Azure Region: eastus
2026-09-30T16:39:59.8738500Z ##[endgroup]
2026-09-30T16:39:59.8740249Z ##[group]Operating System
2026-09-30T16:39:59.8740927Z Ubuntu
2026-09-30T16:39:59.8741835Z 24.04.5
2026-09-30T16:39:59.8742490Z LTS
2026-09-30T16:39:59.8743020Z ##[endgroup]
2026-09-30T16:39:59.8743951Z ##[group]Runner Image
2026-09-30T16:39:59.8744632Z Image: ubuntu-24.04
2026-09-30T16:39:59.8745230Z Version: 20260920.314.1
2026-09-30T16:39:59.8746577Z Included Software: https://github.com/actions/runner-images/blob/ubuntu24/20260920.314/images/ubuntu/Ubuntu2404-Readme.md
2026-09-30T16:39:59.8748206Z Image Release: https://github.com/actions/runner-images/releases/tag/ubuntu24%2F20260920.314
2026-09-30T16:39:59.8749177Z ##[endgroup]
2026-09-30T16:39:59.8750483Z ##[group]GITHUB_TOKEN Permissions
2026-09-30T16:39:59.8752737Z Contents: read
2026-09-30T16:39:59.8753645Z Metadata: read
2026-09-30T16:39:59.8754244Z Packages: read
2026-09-30T16:39:59.8754787Z ##[endgroup]
2026-09-30T16:39:59.8757074Z Secret source: Actions
2026-09-30T16:39:59.8758145Z Cache mode: write
2026-09-30T16:39:59.8759148Z Prepare workflow directory
2026-09-30T16:39:59.9163066Z Prepare all required actions
2026-09-30T16:39:59.9211416Z Getting action download info
2026-09-30T16:40:00.0997086Z Download action repository 'actions/checkout@v4' (SHA:11d5960a326750d5838078e36cf38b85af677262)
2026-09-30T16:40:00.1855159Z Download action repository 'actions/setup-node@v4' (SHA:49933ea5288caeca8642d1e84afbd3f7d6820020)
2026-09-30T16:40:00.2708965Z Download action repository 'actions/upload-artifact@v4' (SHA:ea165f8d65b6e75b540449e92b4886f43607fa02)
2026-09-30T16:40:00.4857855Z Complete job name: app
2026-09-30T16:40:00.5665384Z ##[group]Run actions/checkout@v4
2026-09-30T16:40:00.5666294Z with:
2026-09-30T16:40:00.5666788Z   repository: Huntsman1756/mas_joven_que_tu-
2026-09-30T16:40:00.5670806Z   token: ***
2026-09-30T16:40:00.5671247Z   ssh-strict: true
2026-09-30T16:40:00.5671689Z   ssh-user: git
2026-09-30T16:40:00.5672127Z   persist-credentials: true
2026-09-30T16:40:00.5672622Z   clean: true
2026-09-30T16:40:00.5673074Z   sparse-checkout-cone-mode: true
2026-09-30T16:40:00.5673806Z   fetch-depth: 1
2026-09-30T16:40:00.5674236Z   fetch-tags: false
2026-09-30T16:40:00.5674675Z   show-progress: true
2026-09-30T16:40:00.5675153Z   lfs: false
2026-09-30T16:40:00.5675575Z   submodules: false
2026-09-30T16:40:00.5676033Z   set-safe-directory: true
2026-09-30T16:40:00.5676538Z   allow-unsafe-pr-checkout: false
2026-09-30T16:40:00.5677336Z ##[endgroup]
2026-09-30T16:40:00.6751002Z Syncing repository: Huntsman1756/mas_joven_que_tu-
2026-09-30T16:40:00.6754044Z ##[group]Getting Git version info
2026-09-30T16:40:00.6755438Z Working directory is '/home/runner/work/mas_joven_que_tu-/mas_joven_que_tu-'
2026-09-30T16:40:00.6757243Z [command]/usr/bin/git version
2026-09-30T16:40:00.6814545Z git version 2.55.0
2026-09-30T16:40:00.6839018Z ##[endgroup]
2026-09-30T16:40:00.6868520Z Temporarily overriding HOME='/home/runner/work/_temp/5704d7b2-b557-46e9-be0a-745e64c320a4' before making global git config changes
2026-09-30T16:40:00.6874556Z Adding repository directory to the temporary git global config as a safe directory
2026-09-30T16:40:00.6877204Z [command]/usr/bin/git config --global --add safe.directory /home/runner/work/mas_joven_que_tu-/mas_joven_que_tu-
2026-09-30T16:40:00.6921781Z Deleting the contents of '/home/runner/work/mas_joven_que_tu-/mas_joven_que_tu-'
2026-09-30T16:40:00.6929199Z ##[group]Initializing the repository
2026-09-30T16:40:00.6935649Z [command]/usr/bin/git init /home/runner/work/mas_joven_que_tu-/mas_joven_que_tu-
2026-09-30T16:40:00.7050496Z hint: Using 'master' as the name for the initial branch. This default branch name
2026-09-30T16:40:00.7052498Z hint: will change to "main" in Git 3.0. To configure the initial branch name
2026-09-30T16:40:00.7054525Z hint: to use in all of your new repositories, which will suppress this warning,
2026-09-30T16:40:00.7055928Z hint: call:
2026-09-30T16:40:00.7056769Z hint:
2026-09-30T16:40:00.7057864Z hint: 	git config --global init.defaultBranch <name>
2026-09-30T16:40:00.7059065Z hint:
2026-09-30T16:40:00.7060144Z hint: Names commonly chosen instead of 'master' are 'main', 'trunk' and
2026-09-30T16:40:00.7061849Z hint: 'development'. The just-created branch can be renamed via this command:
2026-09-30T16:40:00.7064528Z hint:
2026-09-30T16:40:00.7065435Z hint: 	git branch -m <name>
2026-09-30T16:40:00.7066373Z hint:
2026-09-30T16:40:00.7067553Z hint: Disable this message with "git config set advice.defaultBranchName false"
2026-09-30T16:40:00.7069787Z Initialized empty Git repository in /home/runner/work/mas_joven_que_tu-/mas_joven_que_tu-/.git/
2026-09-30T16:40:00.7073800Z [command]/usr/bin/git remote add origin https://github.com/Huntsman1756/mas_joven_que_tu-
2026-09-30T16:40:00.7115163Z ##[endgroup]
2026-09-30T16:40:00.7116487Z ##[group]Disabling automatic garbage collection
2026-09-30T16:40:00.7120258Z [command]/usr/bin/git config --local gc.auto 0
2026-09-30T16:40:00.7158478Z ##[endgroup]
2026-09-30T16:40:00.7159861Z ##[group]Setting up auth
2026-09-30T16:40:00.7167207Z [command]/usr/bin/git config --local --name-only --get-regexp core\.sshCommand
2026-09-30T16:40:00.7211754Z [command]/usr/bin/git submodule foreach --recursive sh -c "git config --local --name-only --get-regexp 'core\.sshCommand' && git config --local --unset-all 'core.sshCommand' || :"
2026-09-30T16:40:00.7614641Z [command]/usr/bin/git config --local --name-only --get-regexp http\.https\:\/\/github\.com\/\.extraheader
2026-09-30T16:40:00.7656975Z [command]/usr/bin/git submodule foreach --recursive sh -c "git config --local --name-only --get-regexp 'http\.https\:\/\/github\.com\/\.extraheader' && git config --local --unset-all 'http.https://github.com/.extraheader' || :"
2026-09-30T16:40:00.7892553Z [command]/usr/bin/git config --local --name-only --get-regexp ^includeIf\.gitdir:
2026-09-30T16:40:00.7932910Z [command]/usr/bin/git submodule foreach --recursive git config --local --show-origin --name-only --get-regexp remote.origin.url
2026-09-30T16:40:00.8169079Z [command]/usr/bin/git config --local http.https://github.com/.extraheader AUTHORIZATION: basic ***
2026-09-30T16:40:00.8214126Z ##[endgroup]
2026-09-30T16:40:00.8216256Z ##[group]Fetching the repository
2026-09-30T16:40:00.8225784Z [command]/usr/bin/git -c protocol.version=2 fetch --no-tags --prune --no-recurse-submodules --depth=1 origin +52b01bc5a404368f8857e757453729c4b1631b51:refs/remotes/origin/g11-visual-renewal
2026-09-30T16:47:12.0048351Z From https://github.com/Huntsman1756/mas_joven_que_tu-
2026-09-30T16:47:12.0049392Z  * [new ref]         52b01bc5a404368f8857e757453729c4b1631b51 -> origin/g11-visual-renewal
2026-09-30T16:47:12.0055899Z ##[endgroup]
2026-09-30T16:47:12.0056560Z ##[group]Determining the checkout info
2026-09-30T16:47:12.0058630Z ##[endgroup]
2026-09-30T16:47:12.0064362Z [command]/usr/bin/git sparse-checkout disable
2026-09-30T16:47:12.0119306Z [command]/usr/bin/git config --local --unset-all extensions.worktreeConfig
2026-09-30T16:47:12.0152538Z ##[group]Checking out the ref
2026-09-30T16:47:12.0166255Z [command]/usr/bin/git checkout --progress --force -B g11-visual-renewal refs/remotes/origin/g11-visual-renewal
2026-09-30T16:47:13.0452026Z Updating files:  39% (2285/5764)
2026-09-30T16:47:13.0801504Z Updating files:  40% (2306/5764)
2026-09-30T16:47:13.1251615Z Updating files:  41% (2364/5764)
2026-09-30T16:47:13.1443004Z Updating files:  42% (2421/5764)
2026-09-30T16:47:13.1881103Z Updating files:  43% (2479/5764)
2026-09-30T16:47:13.2221249Z Updating files:  44% (2537/5764)
2026-09-30T16:47:13.2434912Z Updating files:  45% (2594/5764)
2026-09-30T16:47:13.2935406Z Updating files:  46% (2652/5764)
2026-09-30T16:47:13.3334162Z Updating files:  47% (2710/5764)
2026-09-30T16:47:13.3367446Z Updating files:  48% (2767/5764)
2026-09-30T16:47:13.3401320Z Updating files:  49% (2825/5764)
2026-09-30T16:47:13.3423452Z Updating files:  50% (2882/5764)
2026-09-30T16:47:13.3526646Z Updating files:  51% (2940/5764)
2026-09-30T16:47:13.3662812Z Updating files:  52% (2998/5764)
2026-09-30T16:47:13.4029904Z Updating files:  53% (3055/5764)
2026-09-30T16:47:13.4364671Z Updating files:  54% (3113/5764)
2026-09-30T16:47:13.4588927Z Updating files:  55% (3171/5764)
2026-09-30T16:47:13.5086045Z Updating files:  56% (3228/5764)
2026-09-30T16:47:13.5487000Z Updating files:  57% (3286/5764)
2026-09-30T16:47:13.5509255Z Updating files:  58% (3344/5764)
2026-09-30T16:47:13.5537144Z Updating files:  59% (3401/5764)
2026-09-30T16:47:13.5560882Z Updating files:  60% (3459/5764)
2026-09-30T16:47:13.5661915Z Updating files:  61% (3517/5764)
2026-09-30T16:47:13.5788883Z Updating files:  62% (3574/5764)
2026-09-30T16:47:13.6158598Z Updating files:  63% (3632/5764)
2026-09-30T16:47:13.6432972Z Updating files:  64% (3689/5764)
2026-09-30T16:47:13.6649364Z Updating files:  65% (3747/5764)
2026-09-30T16:47:13.7021862Z Updating files:  66% (3805/5764)
2026-09-30T16:47:13.7285639Z Updating files:  67% (3862/5764)
2026-09-30T16:47:13.7527309Z Updating files:  68% (3920/5764)
2026-09-30T16:47:13.7916722Z Updating files:  69% (3978/5764)
2026-09-30T16:47:13.8193690Z Updating files:  70% (4035/5764)
2026-09-30T16:47:13.8392521Z Updating files:  71% (4093/5764)
2026-09-30T16:47:13.8780203Z Updating files:  72% (4151/5764)
2026-09-30T16:47:13.9172398Z Updating files:  73% (4208/5764)
2026-09-30T16:47:13.9531653Z Updating files:  74% (4266/5764)
2026-09-30T16:47:13.9743703Z Updating files:  75% (4323/5764)
2026-09-30T16:47:14.0156093Z Updating files:  76% (4381/5764)
2026-09-30T16:47:14.0275247Z Updating files:  77% (4439/5764)
2026-09-30T16:47:14.0735261Z Updating files:  77% (4447/5764)
2026-09-30T16:47:14.1185468Z Updating files:  78% (4496/5764)
2026-09-30T16:47:14.2234291Z Updating files:  79% (4554/5764)
2026-09-30T16:47:14.2630439Z Updating files:  80% (4612/5764)
2026-09-30T16:47:14.2965715Z Updating files:  81% (4669/5764)
2026-09-30T16:47:14.3484813Z Updating files:  82% (4727/5764)
2026-09-30T16:47:14.3600434Z Updating files:  83% (4785/5764)
2026-09-30T16:47:14.3807082Z Updating files:  84% (4842/5764)
2026-09-30T16:47:14.4159791Z Updating files:  85% (4900/5764)
2026-09-30T16:47:14.4363164Z Updating files:  86% (4958/5764)
2026-09-30T16:47:14.5184190Z Updating files:  87% (5015/5764)
2026-09-30T16:47:14.5378610Z Updating files:  88% (5073/5764)
2026-09-30T16:47:14.5586547Z Updating files:  89% (5130/5764)
2026-09-30T16:47:14.5691668Z Updating files:  90% (5188/5764)
2026-09-30T16:47:14.5873080Z Updating files:  91% (5246/5764)
2026-09-30T16:47:14.8554098Z Updating files:  92% (5303/5764)
2026-09-30T16:47:14.8983168Z Updating files:  93% (5361/5764)
2026-09-30T16:47:14.9083116Z Updating files:  94% (5419/5764)
2026-09-30T16:47:14.9446413Z Updating files:  95% (5476/5764)
2026-09-30T16:47:14.9701592Z Updating files:  96% (5534/5764)
2026-09-30T16:47:15.0029143Z Updating files:  97% (5592/5764)
2026-09-30T16:47:15.0292839Z Updating files:  98% (5649/5764)
2026-09-30T16:47:15.0302421Z Updating files:  98% (5698/5764)
2026-09-30T16:47:15.0342094Z Updating files:  99% (5707/5764)
2026-09-30T16:47:15.0342963Z Updating files: 100% (5764/5764)
2026-09-30T16:47:15.0343864Z Updating files: 100% (5764/5764), done.
2026-09-30T16:47:15.0414450Z Switched to a new branch 'g11-visual-renewal'
2026-09-30T16:47:15.0420277Z branch 'g11-visual-renewal' set up to track 'origin/g11-visual-renewal'.
2026-09-30T16:47:15.0553682Z ##[endgroup]
2026-09-30T16:47:15.0604033Z [command]/usr/bin/git log -1 --format=%H
2026-09-30T16:47:15.0631100Z 52b01bc5a404368f8857e757453729c4b1631b51
2026-09-30T16:47:15.0899244Z ##[group]Run actions/setup-node@v4
2026-09-30T16:47:15.0899534Z with:
2026-09-30T16:47:15.0899731Z   node-version: 20
2026-09-30T16:47:15.0900114Z   cache: npm
2026-09-30T16:47:15.0900365Z   cache-dependency-path: app/package-lock.json
2026-09-30T16:47:15.0900678Z   always-auth: false
2026-09-30T16:47:15.0900890Z   check-latest: false
2026-09-30T16:47:15.0903926Z   token: ***
2026-09-30T16:47:15.0904155Z ##[endgroup]
2026-09-30T16:47:15.2444573Z Attempting to download 20...
2026-09-30T16:47:15.2558826Z (node:2325) [DEP0040] DeprecationWarning: The `punycode` module is deprecated. Please use a userland alternative instead.
2026-09-30T16:47:15.2560251Z (Use `node --trace-deprecation ...` to show where the warning was created)
2026-09-30T16:47:15.7760983Z Acquiring 20.20.2 - x64 from https://github.com/actions/node-versions/releases/download/20.20.2-23521894959/node-20.20.2-linux-x64.tar.gz
2026-09-30T16:47:16.1469278Z Extracting ...
2026-09-30T16:47:16.1586509Z [command]/usr/bin/tar xz --strip 1 --warning=no-unknown-keyword --overwrite -C /home/runner/work/_temp/de5034d6-5148-4fd6-8c4b-955b01e02546 -f /home/runner/work/_temp/5286cce9-127b-46ec-82bd-f4f9755723db
2026-09-30T16:47:17.1749250Z Adding to the cache ...
2026-09-30T16:47:19.0572462Z ##[group]Environment details
2026-09-30T16:47:19.2888139Z node: v20.20.2
2026-09-30T16:47:19.2888591Z npm: 10.8.2
2026-09-30T16:47:19.2888927Z yarn: 1.22.22
2026-09-30T16:47:19.2889639Z ##[endgroup]
2026-09-30T16:47:19.2912092Z [command]/opt/hostedtoolcache/node/20.20.2/x64/bin/npm config get cache
2026-09-30T16:47:19.3996413Z /home/runner/.npm
2026-09-30T16:47:19.4647720Z Cache hit for: node-cache-Linux-x64-npm-5cf53de0302c12017020632abee687abc2acd8f52bc53647aa1110a56a243ef9
2026-09-30T16:47:19.4767456Z (node:2325) [DEP0169] DeprecationWarning: `url.parse()` behavior is not standardized and prone to errors that have security implications. Use the WHATWG URL API instead. CVEs are not issued for `url.parse()` vulnerabilities.
2026-09-30T16:47:19.7073678Z Received 34788487 of 34788487 (100.0%), 157.2 MBs/sec
2026-09-30T16:47:19.7074326Z Cache Size: ~33 MB (34788487 B)
2026-09-30T16:47:19.7105525Z [command]/usr/bin/tar -xf /home/runner/work/_temp/c77a1b11-6e15-431f-ac8c-8a8200cdeda5/cache.tzst -P -C /home/runner/work/mas_joven_que_tu-/mas_joven_que_tu- --use-compress-program unzstd
2026-09-30T16:47:19.8113641Z Cache restored successfully
2026-09-30T16:47:19.8134959Z Cache restored from key: node-cache-Linux-x64-npm-5cf53de0302c12017020632abee687abc2acd8f52bc53647aa1110a56a243ef9
2026-09-30T16:47:19.8336640Z ##[group]Run npm ci
2026-09-30T16:47:19.8336948Z [36;1mnpm ci[0m
2026-09-30T16:47:19.8606055Z shell: /usr/bin/bash -e {0}
2026-09-30T16:47:19.8606383Z ##[endgroup]
2026-09-30T16:47:20.2820572Z npm warn EBADENGINE Unsupported engine {
2026-09-30T16:47:20.2821792Z npm warn EBADENGINE   package: '@mapbox/jsonlint-lines-primitives@2.0.3',
2026-09-30T16:47:20.2822843Z npm warn EBADENGINE   required: { node: '>= 22' },
2026-09-30T16:47:20.2824085Z npm warn EBADENGINE   current: { node: 'v20.20.2', npm: '10.8.2' }
2026-09-30T16:47:20.2824837Z npm warn EBADENGINE }
2026-09-30T16:47:20.2825441Z npm warn EBADENGINE Unsupported engine {
2026-09-30T16:47:20.2826422Z npm warn EBADENGINE   package: '@vitest/istanbul-lib-coverage@1.0.1',
2026-09-30T16:47:20.2827381Z npm warn EBADENGINE   required: { node: '>=22' },
2026-09-30T16:47:20.2828304Z npm warn EBADENGINE   current: { node: 'v20.20.2', npm: '10.8.2' }
2026-09-30T16:47:20.2829019Z npm warn EBADENGINE }
2026-09-30T16:47:20.2829713Z npm warn EBADENGINE Unsupported engine {
2026-09-30T16:47:20.2830609Z npm warn EBADENGINE   package: '@vitest/istanbul-lib-report@1.0.1',
2026-09-30T16:47:20.2831527Z npm warn EBADENGINE   required: { node: '>=22' },
2026-09-30T16:47:20.2832434Z npm warn EBADENGINE   current: { node: 'v20.20.2', npm: '10.8.2' }
2026-09-30T16:47:20.2833121Z npm warn EBADENGINE }
2026-09-30T16:47:20.2848631Z npm warn EBADENGINE Unsupported engine {
2026-09-30T16:47:20.2849424Z npm warn EBADENGINE   package: 'vitest@5.0.1',
2026-09-30T16:47:20.2850325Z npm warn EBADENGINE   required: { node: '^22.12.0 || ^24.0.0 || >=26.0.0' },
2026-09-30T16:47:20.2851595Z npm warn EBADENGINE   current: { node: 'v20.20.2', npm: '10.8.2' }
2026-09-30T16:47:20.2852254Z npm warn EBADENGINE }
2026-09-30T16:47:23.5018289Z 
2026-09-30T16:47:23.5019212Z added 226 packages, and audited 227 packages in 4s
2026-09-30T16:47:23.5019682Z 
2026-09-30T16:47:23.5019973Z 54 packages are looking for funding
2026-09-30T16:47:23.5020502Z   run `npm fund` for details
2026-09-30T16:47:23.5032346Z 
2026-09-30T16:47:23.5032776Z found 0 vulnerabilities
2026-09-30T16:47:23.5299734Z ##[group]Run npm run format:check
2026-09-30T16:47:23.5300087Z [36;1mnpm run format:check[0m
2026-09-30T16:47:23.5367357Z shell: /usr/bin/bash -e {0}
2026-09-30T16:47:23.5367777Z ##[endgroup]
2026-09-30T16:47:23.6556717Z 
2026-09-30T16:47:23.6557754Z > mas-joven-que-tu@0.0.1 format:check
2026-09-30T16:47:23.6558533Z > prettier --check "src/**/*.{ts,svelte,css}"
2026-09-30T16:47:23.6558968Z 
2026-09-30T16:47:23.7485764Z Checking formatting...
2026-09-30T16:47:27.8734729Z All matched files use Prettier code style!
2026-09-30T16:47:27.9304925Z ##[group]Run npm run check
2026-09-30T16:47:27.9305418Z [36;1mnpm run check[0m
2026-09-30T16:47:27.9386624Z shell: /usr/bin/bash -e {0}
2026-09-30T16:47:27.9387059Z ##[endgroup]
2026-09-30T16:47:28.0654252Z 
2026-09-30T16:47:28.0654907Z > mas-joven-que-tu@0.0.1 check
2026-09-30T16:47:28.0655812Z > svelte-kit sync && svelte-check --tsconfig ./tsconfig.json
2026-09-30T16:47:28.0656323Z 
2026-09-30T16:47:36.7178840Z Loading svelte-check in workspace: /home/runner/work/mas_joven_que_tu-/mas_joven_que_tu-/app
2026-09-30T16:47:36.7182588Z Getting Svelte diagnostics...
2026-09-30T16:47:36.7183039Z 
2026-09-30T16:47:36.7219993Z [32msvelte-check found 0 errors and 0 warnings
2026-09-30T16:47:36.7812717Z [39m
2026-09-30T16:47:36.7842382Z ##[group]Run npm run lint
2026-09-30T16:47:36.7842693Z [36;1mnpm run lint[0m
2026-09-30T16:47:36.7904946Z shell: /usr/bin/bash -e {0}
2026-09-30T16:47:36.7905217Z ##[endgroup]
2026-09-30T16:47:36.9083375Z 
2026-09-30T16:47:36.9083992Z > mas-joven-que-tu@0.0.1 lint
2026-09-30T16:47:36.9084566Z > eslint .
2026-09-30T16:47:36.9084704Z 
2026-09-30T16:47:45.0235647Z 
2026-09-30T16:47:45.0236562Z /home/runner/work/mas_joven_que_tu-/mas_joven_que_tu-/app/scripts/_g19r5_probe.mjs
2026-09-30T16:47:45.0278265Z ##[warning]  3:10  warning  'execSync' is defined but never used. Allowed unused vars must match /^_/u      @typescript-eslint/no-unused-vars
2026-09-30T16:47:45.0290893Z ##[warning]  6:7   warning  'ADB' is assigned a value but never used. Allowed unused vars must match /^_/u  @typescript-eslint/no-unused-vars
2026-09-30T16:47:45.0294498Z ##[warning]  7:7   warning  'DEV' is assigned a value but never used. Allowed unused vars must match /^_/u  @typescript-eslint/no-unused-vars
2026-09-30T16:47:45.0296367Z 
2026-09-30T16:47:45.0296976Z /home/runner/work/mas_joven_que_tu-/mas_joven_que_tu-/app/scripts/g17_ux.mjs
2026-09-30T16:47:45.0299117Z ##[warning]  14:54  warning  'STUB_PNG' is defined but never used. Allowed unused vars must match /^_/u  @typescript-eslint/no-unused-vars
2026-09-30T16:47:45.0300810Z 
2026-09-30T16:47:45.0301511Z /home/runner/work/mas_joven_que_tu-/mas_joven_que_tu-/app/scripts/qa_android03_probe2.mjs
2026-09-30T16:47:45.0303890Z ##[warning]  64:11  warning  's' is assigned a value but never used. Allowed unused vars must match /^_/u  @typescript-eslint/no-unused-vars
2026-09-30T16:47:45.0305671Z 
2026-09-30T16:47:45.0306284Z ✖ 5 problems (0 errors, 5 warnings)
2026-09-30T16:47:45.0306651Z 
2026-09-30T16:47:45.0934791Z ##[group]Run npm run test
2026-09-30T16:47:45.0935094Z [36;1mnpm run test[0m
2026-09-30T16:47:45.0997389Z shell: /usr/bin/bash -e {0}
2026-09-30T16:47:45.0997661Z ##[endgroup]
2026-09-30T16:47:45.2187806Z 
2026-09-30T16:47:45.2188393Z > mas-joven-que-tu@0.0.1 test
2026-09-30T16:47:45.2189481Z > vitest run && node --test scripts/static-server.test.mjs scripts/raster-content.test.mjs scripts/seo-static-head.test.mjs
2026-09-30T16:47:45.2190143Z 
2026-09-30T16:47:45.7821908Z 
2026-09-30T16:47:45.7826500Z [1m[30m[46m RUN [49m[39m[22m [36mv5.0.1 [39m[90m/home/runner/work/mas_joven_que_tu-/mas_joven_que_tu-/app[39m
2026-09-30T16:47:45.7827739Z 
2026-09-30T16:47:46.1284889Z  [32m✓[39m src/lib/domain/ortho.test.ts [2m([22m[2m23 tests[22m[2m)[22m[32m 37[2mms[22m[39m
2026-09-30T16:47:46.3824226Z  [32m✓[39m src/lib/domain/catalog.test.ts [2m([22m[2m24 tests[22m[2m)[22m[32m 54[2mms[22m[39m
2026-09-30T16:47:46.6285301Z  [32m✓[39m src/lib/copylint.test.ts [2m([22m[2m10 tests[22m[2m)[22m[32m 82[2mms[22m[39m
2026-09-30T16:47:46.8057121Z  [32m✓[39m src/lib/domain/address.test.ts [2m([22m[2m20 tests[22m[2m)[22m[32m 37[2mms[22m[39m
2026-09-30T16:47:47.3765810Z  [32m✓[39m src/lib/state/app.svelte.test.ts [2m([22m[2m10 tests[22m[2m)[22m[32m 12[2mms[22m[39m
2026-09-30T16:47:47.5228533Z  [32m✓[39m src/lib/domain/sincebirth.test.ts [2m([22m[2m18 tests[22m[2m)[22m[32m 11[2mms[22m[39m
2026-09-30T16:47:47.6649473Z  [32m✓[39m src/lib/domain/context.test.ts [2m([22m[2m10 tests[22m[2m)[22m[32m 9[2mms[22m[39m
2026-09-30T16:47:47.8005339Z  [32m✓[39m src/lib/domain/metrics.test.ts [2m([22m[2m15 tests[22m[2m)[22m[32m 9[2mms[22m[39m
2026-09-30T16:47:47.9390772Z  [32m✓[39m src/lib/domain/cells.test.ts [2m([22m[2m19 tests[22m[2m)[22m[32m 10[2mms[22m[39m
2026-09-30T16:47:48.1214585Z  [32m✓[39m src/lib/domain/nora.test.ts [2m([22m[2m13 tests[22m[2m)[22m[32m 54[2mms[22m[39m
2026-09-30T16:47:48.2605676Z  [32m✓[39m src/lib/domain/url.test.ts [2m([22m[2m9 tests[22m[2m)[22m[32m 8[2mms[22m[39m
2026-09-30T16:47:48.4615317Z  [32m✓[39m src/lib/domain/streets.test.ts [2m([22m[2m14 tests[22m[2m)[22m[32m 39[2mms[22m[39m
2026-09-30T16:47:48.6314704Z  [32m✓[39m src/lib/domain/format.test.ts [2m([22m[2m12 tests[22m[2m)[22m[32m 9[2mms[22m[39m
2026-09-30T16:47:48.7787926Z  [32m✓[39m src/lib/domain/g10.test.ts [2m([22m[2m28 tests[22m[2m)[22m[32m 14[2mms[22m[39m
2026-09-30T16:47:49.0688005Z  [32m✓[39m src/lib/domain/fetch.test.ts [2m([22m[2m6 tests[22m[2m)[22m[32m 159[2mms[22m[39m
2026-09-30T16:47:49.2065334Z  [32m✓[39m src/lib/domain/planning.test.ts [2m([22m[2m7 tests[22m[2m)[22m[32m 7[2mms[22m[39m
2026-09-30T16:47:49.3426905Z  [32m✓[39m src/lib/domain/human.test.ts [2m([22m[2m7 tests[22m[2m)[22m[32m 6[2mms[22m[39m
2026-09-30T16:47:49.4711959Z  [32m✓[39m src/lib/domain/metrics.frozen.test.ts [2m([22m[2m4 tests[22m[2m)[22m[32m 6[2mms[22m[39m
2026-09-30T16:47:49.6053435Z  [32m✓[39m src/lib/i18n/editorial-regressions.test.ts [2m([22m[2m4 tests[22m[2m)[22m[32m 5[2mms[22m[39m
2026-09-30T16:47:49.7396644Z  [32m✓[39m src/lib/domain/stories.test.ts [2m([22m[2m4 tests[22m[2m)[22m[32m 5[2mms[22m[39m
2026-09-30T16:47:49.8721233Z  [32m✓[39m src/lib/domain/timeplayer.test.ts [2m([22m[2m5 tests[22m[2m)[22m[32m 6[2mms[22m[39m
2026-09-30T16:47:50.0418606Z  [32m✓[39m src/lib/i18n/locale-contract.test.ts [2m([22m[2m2 tests[22m[2m)[22m[32m 35[2mms[22m[39m
2026-09-30T16:47:50.1755102Z  [32m✓[39m src/lib/domain/visualviewport.test.ts [2m([22m[2m5 tests[22m[2m)[22m[32m 5[2mms[22m[39m
2026-09-30T16:47:50.3101841Z  [32m✓[39m src/lib/domain/scale.test.ts [2m([22m[2m4 tests[22m[2m)[22m[32m 6[2mms[22m[39m
2026-09-30T16:47:50.4435214Z  [32m✓[39m src/lib/domain/histmap.test.ts [2m([22m[2m2 tests[22m[2m)[22m[32m 5[2mms[22m[39m
2026-09-30T16:47:50.5720033Z  [32m✓[39m src/lib/domain/overlay.test.ts [2m([22m[2m4 tests[22m[2m)[22m[32m 5[2mms[22m[39m
2026-09-30T16:47:50.5756609Z 
2026-09-30T16:47:50.5762205Z [2m Test Files [22m [1m[32m26 passed[39m[22m[90m (26)[39m
2026-09-30T16:47:50.5764947Z [2m      Tests [22m [1m[32m279 passed[39m[22m[90m (279)[39m
2026-09-30T16:47:50.5766018Z [2m   Start at [22m 16:47:45
2026-09-30T16:47:50.5771701Z [2m   Duration [22m 4.78s[2m (transform 40%, tests 32%, import 22%, worker 6%)[22m
2026-09-30T16:47:50.5784502Z 
2026-09-30T16:47:50.5787579Z [2m    Isolate [22m [33m26 workers spawned[39m[2m · ~101ms startup each (spawn + environment, per file)[22m
2026-09-30T16:47:50.5790229Z [2m            [22m [2mat least ~2.52s faster with [22m[33misolate: false[39m[2m — reuses workers across files instead of one per file[22m
2026-09-30T16:47:50.5791162Z 
2026-09-30T16:47:50.6643974Z TAP version 13
2026-09-30T16:47:50.7419823Z # Subtest: rejects blank white, gray, transparent, tiny and undecoded responses
2026-09-30T16:47:50.7486854Z ok 1 - rejects blank white, gray, transparent, tiny and undecoded responses
2026-09-30T16:47:50.7487611Z   ---
2026-09-30T16:47:50.7487976Z   duration_ms: 25.864898
2026-09-30T16:47:50.7488376Z   ...
2026-09-30T16:47:50.7491360Z # Subtest: accepts a varied opaque control, not a geographic certification
2026-09-30T16:47:50.7534414Z ok 2 - accepts a varied opaque control, not a geographic certification
2026-09-30T16:47:50.7535667Z   ---
2026-09-30T16:47:50.7536275Z   duration_ms: 7.842281
2026-09-30T16:47:50.7536863Z   ...
2026-09-30T16:47:51.0062527Z # Subtest: dominio propio, subruta, repetición y rechazo de configuración incoherente
2026-09-30T16:47:51.0074915Z ok 3 - dominio propio, subruta, repetición y rechazo de configuración incoherente
2026-09-30T16:47:51.0075984Z   ---
2026-09-30T16:47:51.0080995Z   duration_ms: 306.930092
2026-09-30T16:47:51.0081697Z   ...
2026-09-30T16:47:51.0152450Z # Subtest: sirve un archivo normal (200 + cuerpo íntegro)
2026-09-30T16:47:51.0153893Z ok 4 - sirve un archivo normal (200 + cuerpo íntegro)
2026-09-30T16:47:51.0154438Z   ---
2026-09-30T16:47:51.0154792Z   duration_ms: 37.475333
2026-09-30T16:47:51.0155196Z   ...
2026-09-30T16:47:51.0155785Z # Subtest: SPA fallback: ruta desconocida devuelve index.html
2026-09-30T16:47:51.0156615Z ok 5 - SPA fallback: ruta desconocida devuelve index.html
2026-09-30T16:47:51.0157169Z   ---
2026-09-30T16:47:51.0157447Z   duration_ms: 3.09419
2026-09-30T16:47:51.0157810Z   ...
2026-09-30T16:47:51.0158552Z # Subtest: rechaza traversal literal /../
2026-09-30T16:47:51.0159638Z ok 6 - rechaza traversal literal /../
2026-09-30T16:47:51.0160146Z   ---
2026-09-30T16:47:51.0160528Z   duration_ms: 3.001618
2026-09-30T16:47:51.0160930Z   ...
2026-09-30T16:47:51.0162344Z # Subtest: rechaza traversal codificado %2e%2e%2f
2026-09-30T16:47:51.0163808Z ok 7 - rechaza traversal codificado %2e%2e%2f
2026-09-30T16:47:51.0164378Z   ---
2026-09-30T16:47:51.0164886Z   duration_ms: 1.799829
2026-09-30T16:47:51.0165376Z   ...
2026-09-30T16:47:51.0166426Z # Subtest: rechaza traversal anidado
2026-09-30T16:47:51.0167371Z ok 8 - rechaza traversal anidado
2026-09-30T16:47:51.0167846Z   ---
2026-09-30T16:47:51.0168062Z   duration_ms: 2.209519
2026-09-30T16:47:51.0168288Z   ...
2026-09-30T16:47:51.0169277Z # Subtest: traversal doble codificado: se decodifica una vez, no escapa
2026-09-30T16:47:51.0170381Z ok 9 - traversal doble codificado: se decodifica una vez, no escapa
2026-09-30T16:47:51.0170856Z   ---
2026-09-30T16:47:51.0171059Z   duration_ms: 2.725867
2026-09-30T16:47:51.0171280Z   ...
2026-09-30T16:47:51.0173138Z # Subtest: traversal con separador Windows %5c no escapa del root
2026-09-30T16:47:51.0174751Z ok 10 - traversal con separador Windows %5c no escapa del root
2026-09-30T16:47:51.0175314Z   ---
2026-09-30T16:47:51.0175663Z   duration_ms: 3.56895
2026-09-30T16:47:51.0176038Z   ...
2026-09-30T16:47:51.0176800Z # Subtest: sibling-prefix: ../build-evil no se acepta como dentro de build/
2026-09-30T16:47:51.0178238Z ok 11 - sibling-prefix: ../build-evil no se acepta como dentro de build/
2026-09-30T16:47:51.0178918Z   ---
2026-09-30T16:47:51.0179257Z   duration_ms: 1.457614
2026-09-30T16:47:51.0179628Z   ...
2026-09-30T16:47:51.0180262Z # Subtest: URI con percent-encoding malformado devuelve 400 (no crash)
2026-09-30T16:47:51.0181190Z ok 12 - URI con percent-encoding malformado devuelve 400 (no crash)
2026-09-30T16:47:51.0181780Z   ---
2026-09-30T16:47:51.0182106Z   duration_ms: 3.823532
2026-09-30T16:47:51.0182469Z   ...
2026-09-30T16:47:51.0183452Z # Subtest: bytes=0-9 → 206 con 10 bytes y Content-Range correcto
2026-09-30T16:47:51.0184742Z ok 13 - bytes=0-9 → 206 con 10 bytes y Content-Range correcto
2026-09-30T16:47:51.0185125Z   ---
2026-09-30T16:47:51.0185399Z   duration_ms: 4.093733
2026-09-30T16:47:51.0185832Z   ...
2026-09-30T16:47:51.0186386Z # Subtest: bytes=990- → 206 hasta el final
2026-09-30T16:47:51.0186964Z ok 14 - bytes=990- → 206 hasta el final
2026-09-30T16:47:51.0187244Z   ---
2026-09-30T16:47:51.0187646Z   duration_ms: 2.251797
2026-09-30T16:47:51.0187875Z   ...
2026-09-30T16:47:51.0188476Z # Subtest: bytes=-10 → 206 con los ÚLTIMOS 10 bytes
2026-09-30T16:47:51.0189057Z ok 15 - bytes=-10 → 206 con los ÚLTIMOS 10 bytes
2026-09-30T16:47:51.0189486Z   ---
2026-09-30T16:47:51.0189743Z   duration_ms: 1.908239
2026-09-30T16:47:51.0189961Z   ...
2026-09-30T16:47:51.0190330Z # Subtest: bytes=2000- → 416 con Content-Range */size
2026-09-30T16:47:51.0191023Z ok 16 - bytes=2000- → 416 con Content-Range */size
2026-09-30T16:47:51.0191556Z   ---
2026-09-30T16:47:51.0191896Z   duration_ms: 1.599807
2026-09-30T16:47:51.0192399Z   ...
2026-09-30T16:47:51.0193076Z # Subtest: range malformado se ignora → 200 cuerpo completo
2026-09-30T16:47:51.0194260Z ok 17 - range malformado se ignora → 200 cuerpo completo
2026-09-30T16:47:51.0194804Z   ---
2026-09-30T16:47:51.0195138Z   duration_ms: 4.546323
2026-09-30T16:47:51.0195508Z   ...
2026-09-30T16:47:51.0196084Z # Subtest: multi-range se ignora → 200 cuerpo completo
2026-09-30T16:47:51.0196571Z ok 18 - multi-range se ignora → 200 cuerpo completo
2026-09-30T16:47:51.0196869Z   ---
2026-09-30T16:47:51.0197065Z   duration_ms: 3.592621
2026-09-30T16:47:51.0197278Z   ...
2026-09-30T16:47:51.0197460Z 1..18
2026-09-30T16:47:51.0197720Z # tests 18
2026-09-30T16:47:51.0198063Z # suites 0
2026-09-30T16:47:51.0198394Z # pass 18
2026-09-30T16:47:51.0198714Z # fail 0
2026-09-30T16:47:51.0199036Z # cancelled 0
2026-09-30T16:47:51.0199373Z # skipped 0
2026-09-30T16:47:51.0199695Z # todo 0
2026-09-30T16:47:51.0204289Z # duration_ms 367.13639
2026-09-30T16:47:51.0331549Z ##[group]Run npm run build
2026-09-30T16:47:51.0331845Z [36;1mnpm run build[0m
2026-09-30T16:47:51.0396293Z shell: /usr/bin/bash -e {0}
2026-09-30T16:47:51.0396595Z ##[endgroup]
2026-09-30T16:47:51.1575113Z 
2026-09-30T16:47:51.1575554Z > mas-joven-que-tu@0.0.1 prebuild
2026-09-30T16:47:51.1576000Z > node scripts/copy-maplibre-worker.mjs
2026-09-30T16:47:51.1576228Z 
2026-09-30T16:47:51.3294283Z maplibre-gl worker 6.10.0 copiado a static/vendor/ (bundle único)
2026-09-30T16:47:51.3366283Z 
2026-09-30T16:47:51.3366761Z > mas-joven-que-tu@0.0.1 build
2026-09-30T16:47:51.3367584Z > vite build && node scripts/gen-engine-preload.mjs && node scripts/seo-static-head.mjs
2026-09-30T16:47:51.3367975Z 
2026-09-30T16:47:52.4020866Z [36mvite v6.4.3 [32mbuilding SSR bundle for production...[36m[39m
2026-09-30T16:47:52.4406555Z transforming...
2026-09-30T16:47:54.7813910Z [32m✓[39m 303 modules transformed.
2026-09-30T16:47:54.8840845Z rendering chunks...
2026-09-30T16:47:55.9756616Z [36mvite v6.4.3 [32mbuilding for production...[36m[39m
2026-09-30T16:47:55.9789833Z transforming...
2026-09-30T16:48:00.4833968Z [32m✓[39m 327 modules transformed.
2026-09-30T16:48:00.9072542Z rendering chunks...
2026-09-30T16:48:01.1733953Z computing gzip size...
2026-09-30T16:48:01.2085411Z [2m.svelte-kit/output/client/[22m[32m_app/version.json                                   [39m[1m[2m    0.03 kB[22m[1m[22m[2m │ gzip:   0.05 kB[22m
2026-09-30T16:48:01.2087454Z [2m.svelte-kit/output/client/[22m[32m.vite/manifest.json                                 [39m[1m[2m   13.36 kB[22m[1m[22m[2m │ gzip:   1.83 kB[22m
2026-09-30T16:48:01.2089536Z [2m.svelte-kit/output/client/[22m[35m_app/immutable/assets/CompareMap.CDJ44kjU.css       [39m[1m[2m    0.31 kB[22m[1m[22m[2m │ gzip:   0.22 kB[22m
2026-09-30T16:48:01.2091730Z [2m.svelte-kit/output/client/[22m[35m_app/immutable/assets/LangSwitch.2nfZ2Mea.css       [39m[1m[2m    0.47 kB[22m[1m[22m[2m │ gzip:   0.29 kB[22m
2026-09-30T16:48:01.2094130Z [2m.svelte-kit/output/client/[22m[35m_app/immutable/assets/BuildingCard.DwFD9NCs.css     [39m[1m[2m    0.71 kB[22m[1m[22m[2m │ gzip:   0.34 kB[22m
2026-09-30T16:48:01.2096744Z [2m.svelte-kit/output/client/[22m[35m_app/immutable/assets/3.DRsvAURq.css                [39m[1m[2m    0.84 kB[22m[1m[22m[2m │ gzip:   0.41 kB[22m
2026-09-30T16:48:01.2098908Z [2m.svelte-kit/output/client/[22m[35m_app/immutable/assets/HistMapControls.pVwZpbLp.css  [39m[1m[2m    0.90 kB[22m[1m[22m[2m │ gzip:   0.46 kB[22m
2026-09-30T16:48:01.2101040Z [2m.svelte-kit/output/client/[22m[35m_app/immutable/assets/0.CBtnHFSG.css                [39m[1m[2m    1.27 kB[22m[1m[22m[2m │ gzip:   0.72 kB[22m
2026-09-30T16:48:01.2103199Z [2m.svelte-kit/output/client/[22m[35m_app/immutable/assets/LayerToggles.CPEodV8J.css     [39m[1m[2m    1.34 kB[22m[1m[22m[2m │ gzip:   0.54 kB[22m
2026-09-30T16:48:01.2105579Z [2m.svelte-kit/output/client/[22m[35m_app/immutable/assets/CompareYear.CtDS516J.css      [39m[1m[2m    2.12 kB[22m[1m[22m[2m │ gzip:   0.70 kB[22m
2026-09-30T16:48:01.2107776Z [2m.svelte-kit/output/client/[22m[35m_app/immutable/assets/StoryChapter.CQ0wZF2H.css     [39m[1m[2m    2.50 kB[22m[1m[22m[2m │ gzip:   0.77 kB[22m
2026-09-30T16:48:01.2109965Z [2m.svelte-kit/output/client/[22m[35m_app/immutable/assets/PhotoPanel.pGRZHvup.css       [39m[1m[2m    2.53 kB[22m[1m[22m[2m │ gzip:   0.84 kB[22m
2026-09-30T16:48:01.2112095Z [2m.svelte-kit/output/client/[22m[35m_app/immutable/assets/depth.By_i4Fxx.css            [39m[1m[2m    2.54 kB[22m[1m[22m[2m │ gzip:   0.63 kB[22m
2026-09-30T16:48:01.2114430Z [2m.svelte-kit/output/client/[22m[35m_app/immutable/assets/SwipeCompare.DEM1WYnN.css     [39m[1m[2m    2.72 kB[22m[1m[22m[2m │ gzip:   0.86 kB[22m
2026-09-30T16:48:01.2116961Z [2m.svelte-kit/output/client/[22m[35m_app/immutable/assets/SwipeControls.D3EPCBEe.css    [39m[1m[2m    3.71 kB[22m[1m[22m[2m │ gzip:   1.09 kB[22m
2026-09-30T16:48:01.2118350Z [2m.svelte-kit/output/client/[22m[35m_app/immutable/assets/AddressSearch.CTtP0z2o.css    [39m[1m[2m    4.19 kB[22m[1m[22m[2m │ gzip:   1.10 kB[22m
2026-09-30T16:48:01.2119073Z [33m
2026-09-30T16:48:01.2119474Z (!) Some chunks are larger than 500 kB after minification. Consider:
2026-09-30T16:48:01.2119977Z - Using dynamic import() to code-split the application
2026-09-30T16:48:01.2120787Z - Use build.rollupOptions.output.manualChunks to improve chunking: https://rollupjs.org/configuration-options/#output-manualchunks
2026-09-30T16:48:01.2121689Z - Adjust chunk size limit for this warning via build.chunkSizeWarningLimit.[39m
2026-09-30T16:48:01.2122744Z [2m.svelte-kit/output/client/[22m[35m_app/immutable/assets/BelowFold.C69O3NvT.css        [39m[1m[2m   11.51 kB[22m[1m[22m[2m │ gzip:   2.60 kB[22m
2026-09-30T16:48:01.2124799Z [2m.svelte-kit/output/client/[22m[35m_app/immutable/assets/2.cYl9ngI3.css                [39m[1m[2m   38.50 kB[22m[1m[22m[2m │ gzip:   7.22 kB[22m
2026-09-30T16:48:01.2127115Z [2m.svelte-kit/output/client/[22m[35m_app/immutable/assets/maplibre-gl.DvulA2N7.css      [39m[1m[2m   83.04 kB[22m[1m[22m[2m │ gzip:  10.52 kB[22m
2026-09-30T16:48:01.2129347Z [2m.svelte-kit/output/client/[22m[36m_app/immutable/nodes/2.9R1dbx3L.js                  [39m[1m[2m    0.07 kB[22m[1m[22m[2m │ gzip:   0.08 kB[22m
2026-09-30T16:48:01.2131504Z [2m.svelte-kit/output/client/[22m[36m_app/immutable/entry/start.B4mWyRlh.js              [39m[1m[2m    0.12 kB[22m[1m[22m[2m │ gzip:   0.11 kB[22m
2026-09-30T16:48:01.2134037Z [2m.svelte-kit/output/client/[22m[36m_app/immutable/chunks/CSAmuSCJ.js                   [39m[1m[2m    0.13 kB[22m[1m[22m[2m │ gzip:   0.12 kB[22m
2026-09-30T16:48:01.2136215Z [2m.svelte-kit/output/client/[22m[36m_app/immutable/chunks/DyIOlAhk.js                   [39m[1m[2m    0.19 kB[22m[1m[22m[2m │ gzip:   0.17 kB[22m
2026-09-30T16:48:01.2138380Z [2m.svelte-kit/output/client/[22m[36m_app/immutable/chunks/BjcoamLJ.js                   [39m[1m[2m    0.30 kB[22m[1m[22m[2m │ gzip:   0.22 kB[22m
2026-09-30T16:48:01.2140929Z [2m.svelte-kit/output/client/[22m[36m_app/immutable/chunks/BiiUFJvQ.js                   [39m[1m[2m    0.40 kB[22m[1m[22m[2m │ gzip:   0.29 kB[22m
2026-09-30T16:48:01.2143130Z [2m.svelte-kit/output/client/[22m[36m_app/immutable/nodes/1.dfuYBcWf.js                  [39m[1m[2m    0.48 kB[22m[1m[22m[2m │ gzip:   0.32 kB[22m
2026-09-30T16:48:01.2145551Z [2m.svelte-kit/output/client/[22m[36m_app/immutable/chunks/BeaWHFyu.js                   [39m[1m[2m    0.59 kB[22m[1m[22m[2m │ gzip:   0.36 kB[22m
2026-09-30T16:48:01.2147715Z [2m.svelte-kit/output/client/[22m[36m_app/immutable/nodes/0.D3fDXKr_.js                  [39m[1m[2m    0.77 kB[22m[1m[22m[2m │ gzip:   0.48 kB[22m
2026-09-30T16:48:01.2149898Z [2m.svelte-kit/output/client/[22m[36m_app/immutable/chunks/CZBZG4SR.js                   [39m[1m[2m    0.90 kB[22m[1m[22m[2m │ gzip:   0.47 kB[22m
2026-09-30T16:48:01.2152059Z [2m.svelte-kit/output/client/[22m[36m_app/immutable/chunks/wbPk3Yxo.js                   [39m[1m[2m    1.37 kB[22m[1m[22m[2m │ gzip:   0.66 kB[22m
2026-09-30T16:48:01.2154458Z [2m.svelte-kit/output/client/[22m[36m_app/immutable/chunks/CwBMhVPe.js                   [39m[1m[2m    1.47 kB[22m[1m[22m[2m │ gzip:   0.76 kB[22m
2026-09-30T16:48:01.2156628Z [2m.svelte-kit/output/client/[22m[36m_app/immutable/chunks/FN14NY0G.js                   [39m[1m[2m    1.68 kB[22m[1m[22m[2m │ gzip:   0.85 kB[22m
2026-09-30T16:48:01.2158790Z [2m.svelte-kit/output/client/[22m[36m_app/immutable/chunks/DLRMr4qO.js                   [39m[1m[2m    1.77 kB[22m[1m[22m[2m │ gzip:   0.86 kB[22m
2026-09-30T16:48:01.2160935Z [2m.svelte-kit/output/client/[22m[36m_app/immutable/chunks/CKvZd15a.js                   [39m[1m[2m    1.83 kB[22m[1m[22m[2m │ gzip:   0.89 kB[22m
2026-09-30T16:48:01.2163656Z [2m.svelte-kit/output/client/[22m[36m_app/immutable/chunks/DbuSDKSY.js                   [39m[1m[2m    1.98 kB[22m[1m[22m[2m │ gzip:   0.96 kB[22m
2026-09-30T16:48:01.2165721Z [2m.svelte-kit/output/client/[22m[36m_app/immutable/chunks/BF89IxeN.js                   [39m[1m[2m    2.17 kB[22m[1m[22m[2m │ gzip:   1.16 kB[22m
2026-09-30T16:48:01.2167267Z [2m.svelte-kit/output/client/[22m[36m_app/immutable/chunks/BuHOg8h9.js                   [39m[1m[2m    2.19 kB[22m[1m[22m[2m │ gzip:   1.11 kB[22m
2026-09-30T16:48:01.2168471Z [2m.svelte-kit/output/client/[22m[36m_app/immutable/chunks/B4pGkjY2.js                   [39m[1m[2m    2.24 kB[22m[1m[22m[2m │ gzip:   0.99 kB[22m
2026-09-30T16:48:01.2169636Z [2m.svelte-kit/output/client/[22m[36m_app/immutable/chunks/DLBI4-v_.js                   [39m[1m[2m    4.30 kB[22m[1m[22m[2m │ gzip:   2.04 kB[22m
2026-09-30T16:48:01.2170808Z [2m.svelte-kit/output/client/[22m[36m_app/immutable/chunks/CsrKjQQM.js                   [39m[1m[2m    4.78 kB[22m[1m[22m[2m │ gzip:   1.85 kB[22m
2026-09-30T16:48:01.2171950Z [2m.svelte-kit/output/client/[22m[36m_app/immutable/chunks/Ckn4753z.js                   [39m[1m[2m    5.04 kB[22m[1m[22m[2m │ gzip:   2.07 kB[22m
2026-09-30T16:48:01.2173094Z [2m.svelte-kit/output/client/[22m[36m_app/immutable/entry/app.CO_oRwII.js                [39m[1m[2m    5.21 kB[22m[1m[22m[2m │ gzip:   2.33 kB[22m
2026-09-30T16:48:01.2174504Z [2m.svelte-kit/output/client/[22m[36m_app/immutable/nodes/3.D7ZZgUTr.js                  [39m[1m[2m    5.87 kB[22m[1m[22m[2m │ gzip:   1.85 kB[22m
2026-09-30T16:48:01.2175656Z [2m.svelte-kit/output/client/[22m[36m_app/immutable/chunks/BkF78BtO.js                   [39m[1m[2m    6.91 kB[22m[1m[22m[2m │ gzip:   3.13 kB[22m
2026-09-30T16:48:01.2176808Z [2m.svelte-kit/output/client/[22m[36m_app/immutable/chunks/BHa_Bb9b.js                   [39m[1m[2m    7.17 kB[22m[1m[22m[2m │ gzip:   3.02 kB[22m
2026-09-30T16:48:01.2177957Z [2m.svelte-kit/output/client/[22m[36m_app/immutable/chunks/BvkemXVt.js                   [39m[1m[2m    8.41 kB[22m[1m[22m[2m │ gzip:   2.44 kB[22m
2026-09-30T16:48:01.2179304Z [2m.svelte-kit/output/client/[22m[36m_app/immutable/chunks/DOz2meBh.js                   [39m[1m[2m    8.57 kB[22m[1m[22m[2m │ gzip:   3.31 kB[22m
2026-09-30T16:48:01.2180453Z [2m.svelte-kit/output/client/[22m[36m_app/immutable/chunks/Do7EmKuU.js                   [39m[1m[2m    9.66 kB[22m[1m[22m[2m │ gzip:   4.06 kB[22m
2026-09-30T16:48:01.2181599Z [2m.svelte-kit/output/client/[22m[36m_app/immutable/chunks/BUB_XOVB.js                   [39m[1m[2m   10.31 kB[22m[1m[22m[2m │ gzip:   3.53 kB[22m
2026-09-30T16:48:01.2182730Z [2m.svelte-kit/output/client/[22m[36m_app/immutable/chunks/DhAoV0t9.js                   [39m[1m[2m   18.72 kB[22m[1m[22m[2m │ gzip:   6.95 kB[22m
2026-09-30T16:48:01.2184131Z [2m.svelte-kit/output/client/[22m[36m_app/immutable/chunks/B_mMoUu6.js                   [39m[1m[2m   19.29 kB[22m[1m[22m[2m │ gzip:   7.57 kB[22m
2026-09-30T16:48:01.2185281Z [2m.svelte-kit/output/client/[22m[36m_app/immutable/chunks/CTUqa1rt.js                   [39m[1m[2m   21.50 kB[22m[1m[22m[2m │ gzip:   8.24 kB[22m
2026-09-30T16:48:01.2186420Z [2m.svelte-kit/output/client/[22m[36m_app/immutable/chunks/Cnzzf5UT.js                   [39m[1m[2m   29.80 kB[22m[1m[22m[2m │ gzip:  11.30 kB[22m
2026-09-30T16:48:01.2187550Z [2m.svelte-kit/output/client/[22m[36m_app/immutable/chunks/BUNuRpqj.js                   [39m[1m[2m   32.84 kB[22m[1m[22m[2m │ gzip:  11.38 kB[22m
2026-09-30T16:48:01.2188687Z [2m.svelte-kit/output/client/[22m[36m_app/immutable/chunks/B72tb9sl.js                   [39m[1m[2m  114.36 kB[22m[1m[22m[2m │ gzip:  36.39 kB[22m
2026-09-30T16:48:01.2189817Z [2m.svelte-kit/output/client/[22m[36m_app/immutable/chunks/BTADRYbC.js                   [39m[1m[2m  137.80 kB[22m[1m[22m[2m │ gzip:  44.15 kB[22m
2026-09-30T16:48:01.2191110Z [2m.svelte-kit/output/client/[22m[36m_app/immutable/chunks/DEoFgcQ-.js                   [39m[1m[33m1,066.49 kB[39m[22m[2m │ gzip: 289.23 kB[22m
2026-09-30T16:48:01.2191789Z [32m✓ built in 5.24s[39m
2026-09-30T16:48:02.3155909Z [2m.svelte-kit/output/server/[22m[32m.vite/manifest.json                                 [39m[1m[2m  4.26 kB[22m[1m[22m
2026-09-30T16:48:02.3157614Z [2m.svelte-kit/output/server/[22m[35m_app/immutable/assets/LangSwitch.2nfZ2Mea.css       [39m[1m[2m  0.47 kB[22m[1m[22m
2026-09-30T16:48:02.3159601Z [2m.svelte-kit/output/server/[22m[35m_app/immutable/assets/_page.DRsvAURq.css            [39m[1m[2m  0.84 kB[22m[1m[22m
2026-09-30T16:48:02.3161185Z [2m.svelte-kit/output/server/[22m[35m_app/immutable/assets/_layout.CBtnHFSG.css          [39m[1m[2m  1.27 kB[22m[1m[22m
2026-09-30T16:48:02.3162659Z [2m.svelte-kit/output/server/[22m[35m_app/immutable/assets/_page.ChLflG65.css            [39m[1m[2m  4.05 kB[22m[1m[22m
2026-09-30T16:48:02.3164387Z [2m.svelte-kit/output/server/[22m[36mentries/pages/_layout.ts.js                         [39m[1m[2m  0.07 kB[22m[1m[22m
2026-09-30T16:48:02.3165837Z [2m.svelte-kit/output/server/[22m[36mchunks/internal.js                                  [39m[1m[2m  0.19 kB[22m[1m[22m
2026-09-30T16:48:02.3167403Z [2m.svelte-kit/output/server/[22m[36mentries/pages/_layout.svelte.js                     [39m[1m[2m  0.23 kB[22m[1m[22m
2026-09-30T16:48:02.3169060Z [2m.svelte-kit/output/server/[22m[36menv.js                                              [39m[1m[2m  0.23 kB[22m[1m[22m
2026-09-30T16:48:02.3170588Z [2m.svelte-kit/output/server/[22m[36minternal.js                                         [39m[1m[2m  0.40 kB[22m[1m[22m
2026-09-30T16:48:02.3172060Z [2m.svelte-kit/output/server/[22m[36mchunks/state.svelte.js                              [39m[1m[2m  0.43 kB[22m[1m[22m
2026-09-30T16:48:02.3173522Z [2m.svelte-kit/output/server/[22m[36mchunks/server.js                                    [39m[1m[2m  0.50 kB[22m[1m[22m
2026-09-30T16:48:02.3175821Z [2m.svelte-kit/output/server/[22m[36mentries/fallbacks/error.svelte.js                   [39m[1m[2m  0.74 kB[22m[1m[22m
2026-09-30T16:48:02.3177722Z [2m.svelte-kit/output/server/[22m[36mchunks/utils2.js                                    [39m[1m[2m  1.09 kB[22m[1m[22m
2026-09-30T16:48:02.3178875Z [2m.svelte-kit/output/server/[22m[36mentries/pages/_page.svelte.js                       [39m[1m[2m  1.17 kB[22m[1m[22m
2026-09-30T16:48:02.3180049Z [2m.svelte-kit/output/server/[22m[36mchunks/exports.js                                   [39m[1m[2m  2.39 kB[22m[1m[22m
2026-09-30T16:48:02.3181042Z [2m.svelte-kit/output/server/[22m[36mchunks/url.js                                       [39m[1m[2m  3.16 kB[22m[1m[22m
2026-09-30T16:48:02.3182065Z [2m.svelte-kit/output/server/[22m[36mchunks/pathname.js                                  [39m[1m[2m  3.76 kB[22m[1m[22m
2026-09-30T16:48:02.3183145Z [2m.svelte-kit/output/server/[22m[36mchunks/internal2.js                                 [39m[1m[2m  6.11 kB[22m[1m[22m
2026-09-30T16:48:02.3184840Z [2m.svelte-kit/output/server/[22m[36mentries/pages/como-lo-sabemos/_page.svelte.js       [39m[1m[2m  6.77 kB[22m[1m[22m
2026-09-30T16:48:02.3186026Z [2m.svelte-kit/output/server/[22m[36mchunks/utils.js                                     [39m[1m[2m 34.22 kB[22m[1m[22m
2026-09-30T16:48:02.3198872Z [2m.svelte-kit/output/server/[22m[36mremote-entry.js                                     [39m[1m[2m 36.85 kB[22m[1m[22m
2026-09-30T16:48:02.3200892Z [2m.svelte-kit/output/server/[22m[36mchunks/LangSwitch.svelte_svelte_type_style_lang.js  [39m[1m[2m111.79 kB[22m[1m[22m
2026-09-30T16:48:02.3202701Z [2m.svelte-kit/output/server/[22m[36mchunks/root.js                                      [39m[1m[2m127.68 kB[22m[1m[22m
2026-09-30T16:48:02.3205185Z [2m.svelte-kit/output/server/[22m[36mindex.js                                            [39m[1m[2m130.06 kB[22m[1m[22m
2026-09-30T16:48:02.3206285Z [32m✓ built in 9.89s[39m
2026-09-30T16:48:02.3206590Z 
2026-09-30T16:48:02.3207061Z Run npm run preview to preview your production build locally.
2026-09-30T16:48:02.3207593Z 
2026-09-30T16:48:02.3207916Z > Using @sveltejs/adapter-static
2026-09-30T16:48:02.4699999Z   Wrote site to "build"
2026-09-30T16:48:02.4700744Z   ✔ done
2026-09-30T16:48:02.5772414Z engine-preload.js: 2 chunks perezosos → DEoFgcQ-.js, B_mMoUu6.js
2026-09-30T16:48:02.6378957Z seo-static-head: build 52b01bc5a404368f8857e757453729c4b1631b51
2026-09-30T16:48:02.6395387Z seo-static-head: como-lo-sabemos.html → canonical https://huntsman1756.github.io/mas_joven_que_tu-/como-lo-sabemos
2026-09-30T16:48:02.6555483Z ##[group]Run actions/upload-artifact@v4
2026-09-30T16:48:02.6556047Z with:
2026-09-30T16:48:02.6556420Z   name: app-build
2026-09-30T16:48:02.6556824Z   path: app/build/
2026-09-30T16:48:02.6557971Z   retention-days: 14
2026-09-30T16:48:02.6558445Z   if-no-files-found: error
2026-09-30T16:48:02.6558927Z   compression-level: 6
2026-09-30T16:48:02.6559334Z   overwrite: false
2026-09-30T16:48:02.6559730Z   include-hidden-files: false
2026-09-30T16:48:02.6560169Z ##[endgroup]
2026-09-30T16:48:02.8280507Z (node:3050) [DEP0040] DeprecationWarning: The `punycode` module is deprecated. Please use a userland alternative instead.
2026-09-30T16:48:02.8281912Z (Use `node --trace-deprecation ...` to show where the warning was created)
2026-09-30T16:48:03.0286761Z With the provided path, there will be 1207 files uploaded
2026-09-30T16:48:03.0291923Z Artifact name is valid!
2026-09-30T16:48:03.0292646Z Root directory input is valid!
2026-09-30T16:48:03.2537414Z Beginning upload of artifact content to blob storage
2026-09-30T16:48:04.3924425Z (node:3050) [DEP0169] DeprecationWarning: `url.parse()` behavior is not standardized and prone to errors that have security implications. Use the WHATWG URL API instead. CVEs are not issued for `url.parse()` vulnerabilities.
2026-09-30T16:48:04.6571293Z Uploaded bytes 8388608
2026-09-30T16:48:05.1803630Z Uploaded bytes 16777216
2026-09-30T16:48:05.5310247Z Uploaded bytes 20548544
2026-09-30T16:48:05.5479812Z Finished uploading artifact content to blob storage!
2026-09-30T16:48:05.5484028Z SHA256 digest of uploaded artifact zip is db60668f033b00d8121b821f709e06f587653b668c5957110764b303f843dc8f
2026-09-30T16:48:05.5486796Z Finalizing artifact upload
2026-09-30T16:48:05.7706479Z Artifact app-build.zip successfully finalized. Artifact ID 11112294326
2026-09-30T16:48:05.7707403Z Artifact app-build has been successfully uploaded! Final size is 20548544 bytes. Artifact ID is 11112294326
2026-09-30T16:48:05.7717186Z Artifact download URL: https://github.com/Huntsman1756/mas_joven_que_tu-/actions/runs/36745854222/artifacts/11112294326
2026-09-30T16:48:05.7903826Z ##[group]Run node scripts/static-server.mjs 4173 scripts/fixtures &
2026-09-30T16:48:05.7904389Z [36;1mnode scripts/static-server.mjs 4173 scripts/fixtures &[0m
2026-09-30T16:48:05.7904757Z [36;1msleep 1[0m
2026-09-30T16:48:05.7905221Z [36;1mhdrs=$(curl -s -D - -o /dev/null -H 'Range: bytes=0-99' http://localhost:4173/data/cells.pmtiles)[0m
2026-09-30T16:48:05.7905714Z [36;1mecho "$hdrs" | head -8[0m
2026-09-30T16:48:05.7905987Z [36;1mecho "$hdrs" | grep -q '206'[0m
2026-09-30T16:48:05.7906329Z [36;1mecho "$hdrs" | grep -qi 'Content-Range: bytes 0-99/'[0m
2026-09-30T16:48:05.7906768Z [36;1mecho "$hdrs" | grep -qi 'Content-Type: application/octet-stream'[0m
2026-09-30T16:48:05.7907313Z [36;1mbody=$(curl -s -H 'Range: bytes=0-99' http://localhost:4173/data/cells.pmtiles | wc -c)[0m
2026-09-30T16:48:05.7907763Z [36;1mtest "$body" = "100"[0m
2026-09-30T16:48:05.7970387Z shell: /usr/bin/bash -e {0}
2026-09-30T16:48:05.7970679Z ##[endgroup]
2026-09-30T16:48:05.8384981Z serving scripts/fixtures/ on http://localhost:4173
2026-09-30T16:48:06.8250451Z HTTP/1.1 206 Partial Content
2026-09-30T16:48:06.8251185Z content-type: application/octet-stream
2026-09-30T16:48:06.8251781Z content-length: 100
2026-09-30T16:48:06.8252331Z content-range: bytes 0-99/1681173
2026-09-30T16:48:06.8252839Z accept-ranges: bytes
2026-09-30T16:48:06.8253662Z cache-control: public, max-age=60
2026-09-30T16:48:06.8254308Z Date: Wed, 30 Sep 2026 16:48:06 GMT
2026-09-30T16:48:06.8254692Z Connection: keep-alive
2026-09-30T16:48:11.8481121Z Post job cleanup.
2026-09-30T16:48:11.9723710Z (node:3088) [DEP0040] DeprecationWarning: The `punycode` module is deprecated. Please use a userland alternative instead.
2026-09-30T16:48:11.9724670Z (Use `node --trace-deprecation ...` to show where the warning was created)
2026-09-30T16:48:11.9728597Z Cache hit occurred on the primary key node-cache-Linux-x64-npm-5cf53de0302c12017020632abee687abc2acd8f52bc53647aa1110a56a243ef9, not saving cache.
2026-09-30T16:48:11.9865894Z Post job cleanup.
2026-09-30T16:48:12.0749248Z [command]/usr/bin/git version
2026-09-30T16:48:12.0798765Z git version 2.55.0
2026-09-30T16:48:12.0843831Z Temporarily overriding HOME='/home/runner/work/_temp/92eb502c-d8e4-43a9-8832-69c68e7064ae' before making global git config changes
2026-09-30T16:48:12.0845386Z Adding repository directory to the temporary git global config as a safe directory
2026-09-30T16:48:12.0850897Z [command]/usr/bin/git config --global --add safe.directory /home/runner/work/mas_joven_que_tu-/mas_joven_que_tu-
2026-09-30T16:48:12.0895844Z [command]/usr/bin/git config --local --name-only --get-regexp core\.sshCommand
2026-09-30T16:48:12.0938123Z [command]/usr/bin/git submodule foreach --recursive sh -c "git config --local --name-only --get-regexp 'core\.sshCommand' && git config --local --unset-all 'core.sshCommand' || :"
2026-09-30T16:48:12.1214962Z [command]/usr/bin/git config --local --name-only --get-regexp http\.https\:\/\/github\.com\/\.extraheader
2026-09-30T16:48:12.1253471Z http.https://github.com/.extraheader
2026-09-30T16:48:12.1266447Z [command]/usr/bin/git config --local --unset-all http.https://github.com/.extraheader
2026-09-30T16:48:12.1304085Z [command]/usr/bin/git submodule foreach --recursive sh -c "git config --local --name-only --get-regexp 'http\.https\:\/\/github\.com\/\.extraheader' && git config --local --unset-all 'http.https://github.com/.extraheader' || :"
2026-09-30T16:48:12.1645116Z [command]/usr/bin/git config --local --name-only --get-regexp ^includeIf\.gitdir:
2026-09-30T16:48:12.1655111Z [command]/usr/bin/git submodule foreach --recursive git config --local --show-origin --name-only --get-regexp remote.origin.url
2026-09-30T16:48:12.2090213Z Cleaning up orphan processes
2026-09-30T16:48:12.2424454Z Terminate orphan process: pid (3063) (node)
2026-09-30T16:48:12.2441661Z ##[warning]Node.js 20 is deprecated. The following actions target Node.js 20 but are being forced to run on Node.js 24: actions/checkout@v4, actions/setup-node@v4, actions/upload-artifact@v4. For more information see: https://github.blog/changelog/2025-09-19-deprecation-of-node-20-on-github-actions-runners/
